
Memory Configuration

Name             Origin             Length             Attributes
flash            0x08000000         0x00020000         xr
sram             0x20000000         0x00005000         xrw
*default*        0x00000000         0xffffffff

Linker script and memory map


.text           0x08000000      0x11c
 *(.vectors*)
 .vectors       0x08000000       0x20 startup.o
                0x08000000                vectors
 *(.text*)
 .text          0x08000020       0x54 startup.o
                0x08000020                Rest_Handler
                0x0800002c                NMI_Handler
                0x08000038                H_fault_Handler
                0x08000044                MM_Fault_Handler
                0x08000050                Bus_Fault_Handler
                0x0800005c                Bus_Fault
                0x08000068                Usage_Fault_Handler
 .text          0x08000074       0xa8 main.o
                0x08000074                main
 *(.rodata)

.glue_7         0x0800011c        0x0
 .glue_7        0x00000000        0x0 linker stubs

.glue_7t        0x0800011c        0x0
 .glue_7t       0x00000000        0x0 linker stubs

.vfp11_veneer   0x0800011c        0x0
 .vfp11_veneer  0x00000000        0x0 linker stubs

.v4_bx          0x0800011c        0x0
 .v4_bx         0x00000000        0x0 linker stubs

.iplt           0x0800011c        0x0
 .iplt          0x00000000        0x0 startup.o

.rel.dyn        0x0800011c        0x0
 .rel.iplt      0x00000000        0x0 startup.o

.data           0x0800011c        0x4
 *(.data)
 .data          0x0800011c        0x0 startup.o
 .data          0x0800011c        0x4 main.o
                0x0800011c                R_ODR

.igot.plt       0x08000120        0x0
 .igot.plt      0x00000000        0x0 startup.o

.bss            0x20000000        0x0
 *(.bss)
 .bss           0x20000000        0x0 startup.o
 .bss           0x20000000        0x0 main.o
LOAD startup.o
LOAD main.o
OUTPUT(learn-in-depth-cortex-m3.elf elf32-littlearm)

.debug_info     0x00000000      0x268
 .debug_info    0x00000000      0x13a startup.o
 .debug_info    0x0000013a      0x12e main.o

.debug_abbrev   0x00000000      0x147
 .debug_abbrev  0x00000000       0x72 startup.o
 .debug_abbrev  0x00000072       0xd5 main.o

.debug_loc      0x00000000      0x16c
 .debug_loc     0x00000000      0x134 startup.o
 .debug_loc     0x00000134       0x38 main.o

.debug_aranges  0x00000000       0x40
 .debug_aranges
                0x00000000       0x20 startup.o
 .debug_aranges
                0x00000020       0x20 main.o

.debug_line     0x00000000      0x12f
 .debug_line    0x00000000       0x92 startup.o
 .debug_line    0x00000092       0x9d main.o

.debug_str      0x00000000      0x180
 .debug_str     0x00000000      0x142 startup.o
                                0x17f (size before relaxing)
 .debug_str     0x00000142       0x3e main.o
                                0x138 (size before relaxing)

.comment        0x00000000       0x11
 .comment       0x00000000       0x11 startup.o
                                 0x12 (size before relaxing)
 .comment       0x00000000       0x12 main.o

.ARM.attributes
                0x00000000       0x33
 .ARM.attributes
                0x00000000       0x33 startup.o
 .ARM.attributes
                0x00000033       0x33 main.o

.debug_frame    0x00000000      0x100
 .debug_frame   0x00000000       0xd4 startup.o
 .debug_frame   0x000000d4       0x2c main.o
